     1                        	pl	0
     2                        	pw      132
     3                        	chip    65C02
     4                        ;                inclist on
     5                        
     6                        ;;;
     7                        ;;; File header template (BIOS CALL version)
     8                        ;;;	
     9                        
    10             00000400   PRG_B	EQU	$400
    11             00000200   WORK_B	EQU	PRG_B-$200	; $200
    12                        
    13             00000000   ZERO_B	EQU	$00
    14                        
    15                        ;-----------------------------------------------------
    16                        ;ZERO page
    17                        ; NOTE
    18                        ;  Since ZERO page is shared with the monitor program,
    19                        ;  you must use a free area.
    20                        ;  See the monitor program.
    21                        ;-----------------------------------------------------
    22                        
    23                        	.page0
    24                        	ORG	ZERO_B
    25                        
    26                        
    27                        ;--------------------------------------
    28                        ; Data area
    29                        ;--------------------------------------
    30                        	.data
    31                        	org	WORK_B
    32                        
    33                        
    34                        
    35                        
    36                        	.code
    37                        	ORG	PRG_B
    38                        
    39                        ;--------- MEZW65C_RAM file header --------------------------
    40 00:0400: 00           	db	0		; program bank:W65C816, 0:W65C02
    41 00:0401: 20 04        	dw	COLD_START
    42 00:0403: 00           	db	0		; data bank:W65C816, 0:W65C02
    43 00:0404: 20 04        	dw	WSTART
    44                        
    45 00:0406: 00 00        	dw	0		; DP
    46                        
    47 00:0408: 4D 45 5A 57  mezID:	db	"MEZW65C",0	; Unique ID
       00:040C: 36 35 43 00 
    48                        
    49                        start_p:	;file load address
    50 00:0410: 00 04        	dw	PRG_B		; load address (Low)
    51 00:0412: 00           	db	0		; PBR : program bank(W65C816)
    52 00:0413: 00           	db	0		; reserve
    53                        
    54                        	; define Common memory address
    55 00:0414: 00 00        PIC_IF:	dw	0	; reserve
    56 00:0416: 00 00        	dw	0	; reserve
    57                        
    58 00:0418: 00           SW_816:	db	0	; 0 : W65C02
    59                        			; 1 : W65C816 native mode 
    60                        			; 2 : works in both modes
    61 00:0419: 00           irq_sw	db	0	; 0 : no use IRQ console I/O
    62                        			; 1 : use IRQ timer interrupt driven console I/O
    63 00:041A: 00 00        reg_tp	dw	0	; monitor reserve (register save pointer)
    64 00:041C: 00 00        reg_ts	dw	0	; monitor reserve (register table size)
    65 00:041E: 00           nmi_sw	db	0	; 0 : No NMI support, 1: NMI support
    66 00:041F: 01           bios_sw	db	1	; 0 : standalone program
    67                        			; 1 : program call bios command
    68                        			; 2 : monitor program (.SYS)
    69                        ;--------- MEZW65C_RAM file header --------------------------
    70                        
    71                        COLD_START:
    72                        WSTART:
    73                        
    74                        ;-----------
    75                        ; conput
    76                        ;-----------
    77             00000001   CONIN	equ	1
    78             00000002   CONOUT	equ	2
    79             00000003   CONST	equ	3
    80             00000004   STROUT	equ	4
    81             000000FF   PEND	equ	$FF
    82                        
    83 00:0420: A2 00        	ldx	#0
    84                        	
    85                        msg_loop
    86 00:0422: BD 36 04     	lda	msg,x
    87 00:0425: F0 05        	beq	prt_end
    88 00:0427: 00 02        	BRK	CONOUT		; 2 : conout A = char
    89 00:0429: E8           	inx
    90 00:042A: 80 F6        	bra	msg_loop
    91                        	
    92                        prt_end
    93 00:042C: A9 4D        	lda	#$FF&endm
    94 00:042E: A0 04        	ldy	#endm>>8
    95 00:0430: 00 04        	BRK	STROUT
    96 00:0432: 00 01        	BRK	CONIN
    97                        
    98                        ;-----------
    99                        ;program end
   100                        ;-----------
   101                        
   102 00:0434: 00 FF        	BRK	PEND
   103                        
   104 00:0436: 47 6F 6F 64  msg	db	"Good morning! master",13,10,00
       00:043A: 20 6D 6F 72 
       00:043E: 6E 69 6E 67 
       00:0442: 21 20 6D 61 
       00:0446: 73 74 65 72 
       00:044A: 0D 0A 00 
   105 00:044D: 50 72 65 73  endm	db	"Press Key to end. ",13,10,0
       00:0451: 73 20 4B 65 
       00:0455: 79 20 74 6F 
       00:0459: 20 65 6E 64 
       00:045D: 2E 20 0D 0A 
       00:0461: 00 
   106                        
   107                        	end


      Lines assembled: 107
      Errors: 0
