Microchip MPLAB XC8 Compiler V2.50

Linker command line:

--edf=C:\Program Files\Microchip\xc8\v2.50\pic\dat\20240725155939_en.msgs \
  -pivt0x8=08h -cn -h+dist/default/production\R2.0q43.X.production.sym \
  --cmf=dist/default/production\R2.0q43.X.production.cmf -z -Q18F47Q43 \
  -oC:\Users\akihito\AppData\Local\Temp\xcBs874.1\driver_tmp_3.o \
  --defsym=__MPLAB_BUILD=1 --fixupoverflow=error \
  -Mdist/default/production/R2.0q43.X.production.map \
  --md=C:\Users\akihito\AppData\Local\Temp\xcBs874.1\driver_tmp_0.dat -E1 \
  -ver=XC8 Compiler --acfsm=1493 -ACODE=00h-01FFFFh -ACONST=00h-01FFFFh \
  -ASMALLCONST=02600h-026FFhx474 \
  -AMEDIUMCONST=02600h-0FFFFh,012600h-01FFFFh -ACOMRAM=0501h-055Fh \
  -AABS1=0500h-024FFh -ABIGRAM=0501h-024FFh \
  -ARAM=0560h-05FFh,0600h-06FFhx31 -ABANK5=0560h-05FFh -ABANK6=0600h-06FFh \
  -ABANK7=0700h-07FFh -ABANK8=0800h-08FFh -ABANK9=0900h-09FFh \
  -ABANK10=0A00h-0AFFh -ABANK11=0B00h-0BFFh -ABANK12=0C00h-0CFFh \
  -ABANK13=0D00h-0DFFh -ABANK14=0E00h-0EFFh -ABANK15=0F00h-0FFFh \
  -ABANK16=01000h-010FFh -ABANK17=01100h-011FFh -ABANK18=01200h-012FFh \
  -ABANK19=01300h-013FFh -ABANK20=01400h-014FFh -ABANK21=01500h-015FFh \
  -ABANK22=01600h-016FFh -ABANK23=01700h-017FFh -ABANK24=01800h-018FFh \
  -ABANK25=01900h-019FFh -ABANK26=01A00h-01AFFh -ABANK27=01B00h-01BFFh \
  -ABANK28=01C00h-01CFFh -ABANK29=01D00h-01DFFh -ABANK30=01E00h-01EFFh \
  -ABANK31=01F00h-01FFFh -ABANK32=02000h-020FFh -ABANK33=02100h-021FFh \
  -ABANK34=02200h-022FFh -ABANK35=02300h-023FFh -ABANK36=02400h-024FFh \
  -ASFR=00h-0FFhx4,0400h-045Fh,0460h-04FFh,02500h-025FFh \
  -ABIGSFR=00h-04FFh,02500h-025FFh -ACONFIG=0300000h-0300011h \
  -AIDLOC=0200000h-020003Fh -AEEDATA=0380000h-03803FFh -peeprom_data=EEDATA \
  -preset_vec=00h -ppowerup=CODE,init -pramtop=02600h \
  -psmallconst=SMALLCONST -pmediumconst=MEDIUMCONST -pconst=CONST \
  -AFARRAM=00h-00h \
  -prdata=COMRAM,nvrram=COMRAM,nvbit=COMRAM,rbss=COMRAM,rbit=COMRAM \
  -pfarbss=FARRAM,fardata=FARRAM,nvFARRAM=FARRAM \
  -pintsave_regs=BIGRAM,bigbss=BIGRAM,bigdata=BIGRAM -pbss=RAM \
  -pidata=CODE,irdata=CODE,ibigdata=CODE,ifardata=CODE -prparam=COMRAM \
  C:\Users\akihito\AppData\Local\Temp\xcBs874.1\driver_tmp_14.o \
  dist/default/production\R2.0q43.X.production.o 

Object code version is 3.11

Machine type is 18F47Q43



                Name                               Link     Load   Length Selector   Space Scale
C:\Users\akihito\AppData\Local\Temp\xcBs874.1\driver_tmp_14.o
                config                           300000   300000        A        0       4
                init                                102      102        4        4       0
                reset_vec                             0        0        4        0       0
dist/default/production\R2.0q43.X.production.o
                config                           300000   300000        A        0       4
                mediumconst                        F1E8     F1E8      E18     78F4       0
                ivt0x8                                8        8       FA        4       0
                text173                           1F4D8    1F4D8       74     7D36       0
                text172                             278      278        8       9E       0
                text171                             288      288        2       9E       0
                text170                           1AAA6    1AAA6      1B4     8000       0
                text169                             258      258        C        4       0
                text168                             26E      26E        8        4       0
                text167                           1F626    1F626       6A     7D36       0
                text166                           1E0F4    1E0F4       CC     8000       0
                text165                           1E58E    1E58E       B8     8000       0
                text164                           1FE98    1FE98       38     7D36       0
                text163                           1EEAC    1EEAC       94     8000       0
                text162                           1F8BA    1F8BA       54     7D36       0
                text161                           1FCC6    1FCC6       3E     7D36       0
                text160                           1F758    1F758       5E     7D36       0
                text159                             1EE      1EE       18        4       0
                text158                             14A      14A       22        4       0
                text157                           1FF62    1FF62       2A     7D36       0
                text156                           1F1F2    1F1F2       82     F875       0
                text155                             128      128       22        4       0
                text154                           17FBE    17FBE      328     8000       0
                text153                             106      106       22        4       0
                text152                           1FBB8    1FBB8       46     7D36       0
                text151                           1E646    1E646       B6     8000       0
                text150                           1E354    1E354       C4     8000       0
                text149                           1CF2E    1CF2E      10A     8000       0
                text148                           1DA0C    1DA0C       EA     8000       0
                text147                           1FED0    1FED0       34     7D36       0
                text146                             206      206       16        4       0
                text145                           1E28A    1E28A       CA     8000       0
                text144                           1FBFE    1FBFE       44     7D36       0
                text143                           1EC3E    1EC3E       9E     8000       0
                text142                           1A702    1A702      1DE     8000       0
                text141                           17554    17554      390     8000       0
                text140                           1E902    1E902       AA     8000       0
                text139                           1D242    1D242      104     8000       0
                text138                           165C8    165C8      426     8000       0
                text137                           1FE60    1FE60       38     7D36       0
                text136                           14A70    14A70      4B6     8000       0
                text135                           1FB72    1FB72       46     7D36       0
                text134                           1D038    1D038      106     8000       0
                text133                           1D544    1D544       FE     8000       0
                text132                           1A104    1A104      212     8000       0
                text131                           1F864    1F864       56     7D36       0
                text130                           1FA00    1FA00       50     7D36       0
                text129                           1FD7C    1FD7C       3C     7D36       0
                text128                           10AD8    10AD8      A60     8000       0
                text127                           1E028    1E028       CC     8000       0
                text126                           1B7EE    1B7EE      19E     8000       0
                text125                           1BB1E    1BB1E      186     8000       0
                text124                           1344A    1344A      6AE     8000       0
                text123                           1F80E    1F80E       56     7D36       0
                text122                           1FFB4    1FFB4       28     7D36       0
                text121                           1C294    1C294      172     8000       0
                text120                           18E56    18E56      2A2     8000       0
                text119                           1E7AA    1E7AA       AE     8000       0
                text118                           182E6    182E6      2F0     8000       0
                text117                           1E6FC    1E6FC       AE     8000       0
                text116                           1B64C    1B64C      1A2     8000       0
                text115                           1DF56    1DF56       D2     8000       0
                text114                           169EE    169EE      3EC     8000       0
                text113                           1FC84    1FC84       42     7D36       0
                text112                           1D346    1D346      100     8000       0
                text111                           12D36    12D36      714     8000       0
                text110                           1EAFC    1EAFC       A4     8000       0
                text109                           1F5BA    1F5BA       6C     7D36       0
                text108                           1FF8C    1FF8C       28     7D36       0
                text107                           140A8    140A8      4EC     8000       0
                text106                           13AF8    13AF8      5B0     8000       0
                text105                           11DB4    11DB4      802     8000       0
                text104                           1CBE8    1CBE8      11E     8000       0
                text103                           1C406    1C406      162     8000       0
                text102                           1F170    1F170       82     F875       0
                text101                           1D13E    1D13E      104     8000       0
                text100                           1C568    1C568      15E     8000       0
                text99                            1F460    1F460       76     F875       0
                text98                              21C      21C       12        4       0
                text97                            1FA50    1FA50       4C     7D36       0
                text96                            1F6F4    1F6F4       64     7D36       0
                text95                            1FE28    1FE28       38     7D36       0
                text94                            19EF0    19EF0      214     8000       0
                text93                            19CDA    19CDA      216     8000       0
                text92                            1F7B6    1F7B6       58     7D36       0
                text91                            1C818    1C818      150     8000       0
                text90                            1619E    1619E      42A     8000       0
                text89                            178E4    178E4      38A     8000       0
                text88                            1C968    1C968      14E     8000       0
                text87                            1DBDC    1DBDC       E2     8000       0
                text86                            1ECDC    1ECDC       9C     8000       0
                text85                            1DCBE    1DCBE       E0     8000       0
                text84                            1F0EA    1F0EA       86     F875       0
                text83                            14594    14594      4DC     8000       0
                text82                            1D446    1D446       FE     8000       0
                text81                            1BCA4    1BCA4      184     8000       0
                text80                            1F274    1F274       80     F875       0
                text79                            188C2    188C2      2E0     8000       0
                text78                            1B4A8    1B4A8      1A4     8000       0
                text77                            185D6    185D6      2EC     8000       0
                text76                            1A50E    1A50E      1F4     8000       0
                text75                            1B304    1B304      1A4     8000       0
                text74                            10000    10000      AD8     8000       0
                text73                            19AA8    19AA8      232     8000       0
                text72                            125B6    125B6      780     8000       0
                text71                            1E418    1E418       BC     8000       0
                text70                            1A8E0    1A8E0      1C6     8000       0
                text69                            1EE12    1EE12       9A     8000       0
                text68                            1F54C    1F54C       6E     7D36       0
                text67                            1BFA6    1BFA6      17A     8000       0
                text66                            1AC5A    1AC5A      1B0     8000       0
                text65                            11538    11538      87C     8000       0
                text64                            1B98C    1B98C      192     8000       0
                text63                            18BA2    18BA2      2B4     8000       0
                text62                              264      264        A        4       0
                text61                            1FFDC    1FFDC       22     7D36       0
                text60                            1EBA0    1EBA0       9E     8000       0
                text59                            1F3EA    1F3EA       76     F875       0
                text58                              284      284        4       9E       0
                text57                              280      280        4       9E       0
                text56                            1FD40    1FD40       3C     7D36       0
                text55                            1F9B0    1F9B0       50     7D36       0
                text54                            1F960    1F960       50     7D36       0
                text53                            1CD06    1CD06      11C     8000       0
                text52                            1DD9E    1DD9E       DE     8000       0
                text51                            15D0C    15D0C      492     8000       0
                text50                              1D6      1D6       18        4       0
                text49                            1FDF0    1FDF0       38     7D36       0
                text48                            1D82E    1D82E       F2     8000       0
                text47                            1C120    1C120      174     8000       0
                text46                              16C      16C       1E        4       0
                text45                            1D642    1D642       FA     8000       0
                text44                            1F90E    1F90E       52     7D36       0
                text43                            1FA9C    1FA9C       4A     7D36       0
                text42                            1CE22    1CE22      10C     8000       0
                text41                            15870    15870      49C     8000       0
                text40                            1EFD2    1EFD2       8C     8000       0
                text39                            1D920    1D920       EC     8000       0
                text38                            16DDA    16DDA      3C6     8000       0
                text37                            1C6C6    1C6C6      152     8000       0
                text36                            190F8    190F8      288     8000       0
                text35                            1F690    1F690       64     7D36       0
                text34                              1BE      1BE       18        4       0
                text33                            1DE7C    1DE7C       DA     8000       0
                text32                            1FB2C    1FB2C       46     7D36       0
                text31                            1FDB8    1FDB8       38     7D36       0
                text30                            1B160    1B160      1A4     8000       0
                text29                            1A316    1A316      1F8     8000       0
                text28                            14F26    14F26      4AE     8000       0
                text27                            1BE28    1BE28      17E     8000       0
                text26                            1DAF6    1DAF6       E6     8000       0
                text25                            1AE0A    1AE0A      1AE     8000       0
                text24                              1A4      1A4       1A        4       0
                text23                            1FF04    1FF04       30     7D36       0
                text22                            1E858    1E858       AA     8000       0
                text21                            1F2F4    1F2F4       7C     F875       0
                text20                            1FF34    1FF34       2E     7D36       0
                text19                            1CAB6    1CAB6      132     8000       0
                text18                            19380    19380      286     8000       0
                text17                            1EF40    1EF40       92     8000       0
                text16                            1FD04    1FD04       3C     7D36       0
                text15                            1FAE6    1FAE6       46     7D36       0
                text14                            1EA54    1EA54       A8     8000       0
                text13                            19874    19874      234     8000       0
                text12                            19606    19606      26E     8000       0
                text11                              23E      23E        E        4       0
                text10                            1ED78    1ED78       9A     8000       0
                text9                             1E9AC    1E9AC       A8     8000       0
                text8                               22E      22E       10        4       0
                text7                             1AFB8    1AFB8      1A8     8000       0
                text6                             1D73C    1D73C       F2     8000       0
                text5                             1F370    1F370       7A     F875       0
                text4                             153D4    153D4      49C     8000       0
                text3                             1FC42    1FC42       42     7D36       0
                text2                             1E4D4    1E4D4       BA     8000       0
                text1                             17C6E    17C6E      350     8000       0
                text0                             171A0    171A0      3B4     8000       0
                cstackCOMRAM                        501      501       59      501       1
                cstackBANK5                         560      560       A0      560       1
                cstackBANK6                         600      600      100      600       1
                cstackBANK7                         700      700       9E      700       1
                bssBIGRAM                           B80      B80      A78      B80       1
                bssBANK11                           B00      B00       80      B00       1
                bssBANK10                           A00      A00       D1      A00       1
                dataBANK9                           900      900       8B      900       1
                bssBANK9                            98B      98B       28      900       1
                dataBANK8                           8D3      8D3        C      800       1
                bssBANK8                            800      800       D3      800       1
                dataBANK7                           7E6      7E6       1A      700       1
                bssBANK7                            79E      79E       48      700       1
                bssCOMRAM                           55A      55A        3      501       1
                cinit                             1E1C0    1E1C0       CA     8000       0
                idataBANK9                        1F05E    1F05E       8B     8000       0
                idataBANK8                          24C      24C        C        4       0
                idataBANK7                          18A      18A       1A        4       0

TOTAL           Name                               Link     Load   Length     Space
        CLASS   CODE           
                init                                102      102        4         0
                reset_vec                             0        0        4         0
                ivt0x8                                8        8       FA         0
                text173                           1F4D8    1F4D8       74         0
                text172                             278      278        8         0
                text171                             288      288        2         0
                text170                           1AAA6    1AAA6      1B4         0
                text169                             258      258        C         0
                text168                             26E      26E        8         0
                text167                           1F626    1F626       6A         0
                text166                           1E0F4    1E0F4       CC         0
                text165                           1E58E    1E58E       B8         0
                text164                           1FE98    1FE98       38         0
                text163                           1EEAC    1EEAC       94         0
                text162                           1F8BA    1F8BA       54         0
                text161                           1FCC6    1FCC6       3E         0
                text160                           1F758    1F758       5E         0
                text159                             1EE      1EE       18         0
                text158                             14A      14A       22         0
                text157                           1FF62    1FF62       2A         0
                text156                           1F1F2    1F1F2       82         0
                text155                             128      128       22         0
                text154                           17FBE    17FBE      328         0
                text153                             106      106       22         0
                text152                           1FBB8    1FBB8       46         0
                text151                           1E646    1E646       B6         0
                text150                           1E354    1E354       C4         0
                text149                           1CF2E    1CF2E      10A         0
                text148                           1DA0C    1DA0C       EA         0
                text147                           1FED0    1FED0       34         0
                text146                             206      206       16         0
                text145                           1E28A    1E28A       CA         0
                text144                           1FBFE    1FBFE       44         0
                text143                           1EC3E    1EC3E       9E         0
                text142                           1A702    1A702      1DE         0
                text141                           17554    17554      390         0
                text140                           1E902    1E902       AA         0
                text139                           1D242    1D242      104         0
                text138                           165C8    165C8      426         0
                text137                           1FE60    1FE60       38         0
                text136                           14A70    14A70      4B6         0
                text135                           1FB72    1FB72       46         0
                text134                           1D038    1D038      106         0
                text133                           1D544    1D544       FE         0
                text132                           1A104    1A104      212         0
                text131                           1F864    1F864       56         0
                text130                           1FA00    1FA00       50         0
                text129                           1FD7C    1FD7C       3C         0
                text128                           10AD8    10AD8      A60         0
                text127                           1E028    1E028       CC         0
                text126                           1B7EE    1B7EE      19E         0
                text125                           1BB1E    1BB1E      186         0
                text124                           1344A    1344A      6AE         0
                text123                           1F80E    1F80E       56         0
                text122                           1FFB4    1FFB4       28         0
                text121                           1C294    1C294      172         0
                text120                           18E56    18E56      2A2         0
                text119                           1E7AA    1E7AA       AE         0
                text118                           182E6    182E6      2F0         0
                text117                           1E6FC    1E6FC       AE         0
                text116                           1B64C    1B64C      1A2         0
                text115                           1DF56    1DF56       D2         0
                text114                           169EE    169EE      3EC         0
                text113                           1FC84    1FC84       42         0
                text112                           1D346    1D346      100         0
                text111                           12D36    12D36      714         0
                text110                           1EAFC    1EAFC       A4         0
                text109                           1F5BA    1F5BA       6C         0
                text108                           1FF8C    1FF8C       28         0
                text107                           140A8    140A8      4EC         0
                text106                           13AF8    13AF8      5B0         0
                text105                           11DB4    11DB4      802         0
                text104                           1CBE8    1CBE8      11E         0
                text103                           1C406    1C406      162         0
                text102                           1F170    1F170       82         0
                text101                           1D13E    1D13E      104         0
                text100                           1C568    1C568      15E         0
                text99                            1F460    1F460       76         0
                text98                              21C      21C       12         0
                text97                            1FA50    1FA50       4C         0
                text96                            1F6F4    1F6F4       64         0
                text95                            1FE28    1FE28       38         0
                text94                            19EF0    19EF0      214         0
                text93                            19CDA    19CDA      216         0
                text92                            1F7B6    1F7B6       58         0
                text91                            1C818    1C818      150         0
                text90                            1619E    1619E      42A         0
                text89                            178E4    178E4      38A         0
                text88                            1C968    1C968      14E         0
                text87                            1DBDC    1DBDC       E2         0
                text86                            1ECDC    1ECDC       9C         0
                text85                            1DCBE    1DCBE       E0         0
                text84                            1F0EA    1F0EA       86         0
                text83                            14594    14594      4DC         0
                text82                            1D446    1D446       FE         0
                text81                            1BCA4    1BCA4      184         0
                text80                            1F274    1F274       80         0
                text79                            188C2    188C2      2E0         0
                text78                            1B4A8    1B4A8      1A4         0
                text77                            185D6    185D6      2EC         0
                text76                            1A50E    1A50E      1F4         0
                text75                            1B304    1B304      1A4         0
                text74                            10000    10000      AD8         0
                text73                            19AA8    19AA8      232         0
                text72                            125B6    125B6      780         0
                text71                            1E418    1E418       BC         0
                text70                            1A8E0    1A8E0      1C6         0
                text69                            1EE12    1EE12       9A         0
                text68                            1F54C    1F54C       6E         0
                text67                            1BFA6    1BFA6      17A         0
                text66                            1AC5A    1AC5A      1B0         0
                text65                            11538    11538      87C         0
                text64                            1B98C    1B98C      192         0
                text63                            18BA2    18BA2      2B4         0
                text62                              264      264        A         0
                text61                            1FFDC    1FFDC       22         0
                text60                            1EBA0    1EBA0       9E         0
                text59                            1F3EA    1F3EA       76         0
                text58                              284      284        4         0
                text57                              280      280        4         0
                text56                            1FD40    1FD40       3C         0
                text55                            1F9B0    1F9B0       50         0
                text54                            1F960    1F960       50         0
                text53                            1CD06    1CD06      11C         0
                text52                            1DD9E    1DD9E       DE         0
                text51                            15D0C    15D0C      492         0
                text50                              1D6      1D6       18         0
                text49                            1FDF0    1FDF0       38         0
                text48                            1D82E    1D82E       F2         0
                text47                            1C120    1C120      174         0
                text46                              16C      16C       1E         0
                text45                            1D642    1D642       FA         0
                text44                            1F90E    1F90E       52         0
                text43                            1FA9C    1FA9C       4A         0
                text42                            1CE22    1CE22      10C         0
                text41                            15870    15870      49C         0
                text40                            1EFD2    1EFD2       8C         0
                text39                            1D920    1D920       EC         0
                text38                            16DDA    16DDA      3C6         0
                text37                            1C6C6    1C6C6      152         0
                text36                            190F8    190F8      288         0
                text35                            1F690    1F690       64         0
                text34                              1BE      1BE       18         0
                text33                            1DE7C    1DE7C       DA         0
                text32                            1FB2C    1FB2C       46         0
                text31                            1FDB8    1FDB8       38         0
                text30                            1B160    1B160      1A4         0
                text29                            1A316    1A316      1F8         0
                text28                            14F26    14F26      4AE         0
                text27                            1BE28    1BE28      17E         0
                text26                            1DAF6    1DAF6       E6         0
                text25                            1AE0A    1AE0A      1AE         0
                text24                              1A4      1A4       1A         0
                text23                            1FF04    1FF04       30         0
                text22                            1E858    1E858       AA         0
                text21                            1F2F4    1F2F4       7C         0
                text20                            1FF34    1FF34       2E         0
                text19                            1CAB6    1CAB6      132         0
                text18                            19380    19380      286         0
                text17                            1EF40    1EF40       92         0
                text16                            1FD04    1FD04       3C         0
                text15                            1FAE6    1FAE6       46         0
                text14                            1EA54    1EA54       A8         0
                text13                            19874    19874      234         0
                text12                            19606    19606      26E         0
                text11                              23E      23E        E         0
                text10                            1ED78    1ED78       9A         0
                text9                             1E9AC    1E9AC       A8         0
                text8                               22E      22E       10         0
                text7                             1AFB8    1AFB8      1A8         0
                text6                             1D73C    1D73C       F2         0
                text5                             1F370    1F370       7A         0
                text4                             153D4    153D4      49C         0
                text3                             1FC42    1FC42       42         0
                text2                             1E4D4    1E4D4       BA         0
                text1                             17C6E    17C6E      350         0
                text0                             171A0    171A0      3B4         0
                cinit                             1E1C0    1E1C0       CA         0
                idataBANK9                        1F05E    1F05E       8B         0
                idataBANK8                          24C      24C        C         0
                idataBANK7                          18A      18A       1A         0

        CLASS   CONST          

        CLASS   SMALLCONST     

        CLASS   MEDIUMCONST    
                mediumconst                        F1E8     F1E8      E18         0

        CLASS   COMRAM         
                cstackCOMRAM                        501      501       59         1
                bssCOMRAM                           55A      55A        3         1

        CLASS   ABS1           

        CLASS   BIGRAM         
                bssBIGRAM                           B80      B80      A78         1

        CLASS   RAM            

        CLASS   BANK5          
                cstackBANK5                         560      560       A0         1

        CLASS   BANK6          
                cstackBANK6                         600      600      100         1

        CLASS   BANK7          
                cstackBANK7                         700      700       9E         1
                dataBANK7                           7E6      7E6       1A         1
                bssBANK7                            79E      79E       48         1

        CLASS   BANK8          
                dataBANK8                           8D3      8D3        C         1
                bssBANK8                            800      800       D3         1

        CLASS   BANK9          
                dataBANK9                           900      900       8B         1
                bssBANK9                            98B      98B       28         1

        CLASS   BANK10         
                bssBANK10                           A00      A00       D1         1

        CLASS   BANK11         
                bssBANK11                           B00      B00       80         1

        CLASS   BANK12         

        CLASS   BANK13         

        CLASS   BANK14         

        CLASS   BANK15         

        CLASS   BANK16         

        CLASS   BANK17         

        CLASS   BANK18         

        CLASS   BANK19         

        CLASS   BANK20         

        CLASS   BANK21         

        CLASS   BANK22         

        CLASS   BANK23         

        CLASS   BANK24         

        CLASS   BANK25         

        CLASS   BANK26         

        CLASS   BANK27         

        CLASS   BANK28         

        CLASS   BANK29         

        CLASS   BANK30         

        CLASS   BANK31         

        CLASS   BANK32         

        CLASS   BANK33         

        CLASS   BANK34         

        CLASS   BANK35         

        CLASS   BANK36         

        CLASS   SFR            

        CLASS   BIGSFR         

        CLASS   CONFIG         
                config                           300000   300000        A         4

        CLASS   IDLOC          

        CLASS   EEDATA         

        CLASS   FARRAM         

        CLASS   HEAP           

        CLASS   STACK          



SEGMENTS        Name                           Load    Length   Top    Selector   Space  Class

                reset_vec                      000000  000004  000004         0       0  CODE    
                ivt0x8                         000008  00026E  000276         4       0  CODE    
                text172                        000278  000012  00028A        9E       0  CODE    
                cstackCOMRAM                   000501  00005C  00055D       501       1  COMRAM  
                cstackBANK5                    000560  0000A0  000600       560       1  BANK5   
                cstackBANK6                    000600  000100  000700       600       1  BANK6   
                cstackBANK7                    000700  000100  000800       700       1  BANK7   
                bssBANK8                       000800  0000DF  0008DF       800       1  BANK8   
                dataBANK9                      000900  0000B3  0009B3       900       1  BANK9   
                bssBANK10                      000A00  0000D1  000AD1       A00       1  BANK10  
                bssBANK11                      000B00  000080  000B80       B00       1  BANK11  
                bssBIGRAM                      000B80  000A78  0015F8       B80       1  BIGRAM  
                mediumconst                    00F1E8  000E18  010000      78F4       0  MEDIUMCO
                text74                         010000  00F0E9  01F0E9      8000       0  CODE    
                text84                         01F0EA  0003EC  01F4D6      F875       0  CODE    
                text173                        01F4D8  000B26  01FFFE      7D36       0  CODE    


UNUSED ADDRESS RANGES

        Name                Unused          Largest block    Delta
        BANK10           000AD1-000AFF               2F
        BANK21           0015F8-0015FF                8
        BANK22           001600-0016FF              100
        BANK23           001700-0017FF              100
        BANK24           001800-0018FF              100
        BANK25           001900-0019FF              100
        BANK26           001A00-001AFF              100
        BANK27           001B00-001BFF              100
        BANK28           001C00-001CFF              100
        BANK29           001D00-001DFF              100
        BANK30           001E00-001EFF              100
        BANK31           001F00-001FFF              100
        BANK32           002000-0020FF              100
        BANK33           002100-0021FF              100
        BANK34           002200-0022FF              100
        BANK35           002300-0023FF              100
        BANK36           002400-0024FF              100
        BANK8            0008DF-0008FF               21
        BANK9            0009B3-0009FF               4D
        BIGRAM           00055D-00055F                3
                         0008DF-0008FF               21
                         0009B3-0009FF               4D
                         000AD1-000AFF               2F
                         0015F8-0024FF              F08
        BIGSFR           000000-0004FF              500
                         002500-0025FF              100
        CODE             000004-000007                4
                         000276-000277                2
                         00028A-00F1E7             EF5E
                         01F0E9-01F0E9                1
                         01F4D6-01F4D7                2
                         01FFFE-01FFFF                2
        COMRAM           00055D-00055F                3
        CONFIG           30000A-300011                8
        CONST            000004-000007                4
                         000276-000277                2
                         00028A-00F1E7             EF5E
                         01F0E9-01F0E9                1
                         01F4D6-01F4D7                2
                         01FFFE-01FFFF                2
        EEDATA           380000-3803FF              400
        IDLOC            200000-20003F               40
        MEDIUMCONST      002600-00F1E7             CBE8
                         01F0E9-01F0E9                1
                         01F4D6-01F4D7                2
                         01FFFE-01FFFF                2
        RAM              0008DF-0008FF               21
                         0009B3-0009FF               4D
                         000AD1-000AFF               2F
                         0015F8-0024FF              100
        SFR              000000-0004FF              100
                         002500-0025FF              100
        SMALLCONST       002600-00F1E7              100
                         01F0E9-01F0E9                1
                         01F4D6-01F4D7                2
                         01FFFE-01FFFF                2

                                  Symbol Table

?_SDCard_init                       cstackBANK5  0005C5
?_SDCard_read512                    cstackBANK5  0005DE
?_SDCard_write512                   cstackBANK5  0005DE
?___SDCard_command_r1               cstackCOMRAM 00051B
?___SDCard_crc16                    cstackCOMRAM 000504
?___aldiv                           cstackCOMRAM 000504
?___almod                           cstackCOMRAM 000504
?___fladd                           cstackCOMRAM 000504
?___fldiv                           cstackCOMRAM 00052B
?___flmul                           cstackCOMRAM 000512
?___flneg                           cstackCOMRAM 000504
?___flsub                           cstackCOMRAM 00052B
?___fltol                           cstackCOMRAM 000504
?___fpclassifyf                     cstackCOMRAM 000504
?___lldiv                           cstackCOMRAM 000504
?___lmul                            cstackCOMRAM 000504
?___strtoxl                         cstackCOMRAM 000510
?___xxtofl                          cstackCOMRAM 000504
?_abs                               cstackCOMRAM 00050E
?_check_fs                          cstackBANK6  000624
?_clst2sect                         cstackCOMRAM 000510
?_create_chain                      cstackBANK6  000645
?_dbc_1st                           cstackCOMRAM 000504
?_dbc_2nd                           cstackCOMRAM 000504
?_disk_init                         cstackBANK6  0006BB
?_f_gets                            cstackBANK6  000669
?_find_volume                       cstackBANK6  000632
?_floorf                            cstackCOMRAM 000544
?_get_fat                           cstackBANK6  000624
?_get_fattime                       cstackCOMRAM 000504
?_get_hex                           cstackCOMRAM 000504
?_get_ldnumber                      cstackCOMRAM 000504
?_get_line                          cstackBANK5  0005BD
?_get_str                           cstackBANK7  000700
?_getch                             cstackCOMRAM 000504
?_in_file                           cstackBANK7  000700
?_labs                              cstackCOMRAM 000504
?_ld_clust                          cstackCOMRAM 00050B
?_ld_dword                          cstackCOMRAM 000504
?_ld_word                           cstackCOMRAM 000504
?_load_config                       cstackBANK7  000700
?_load_program                      cstackBANK7  000700
?_mem_init                          cstackBANK5  0005DE
?_memcmp                            cstackCOMRAM 000504
?_printf                            cstackBANK5  0005AD
?_read_prec_or_width                cstackCOMRAM 000504
?_read_sector                       cstackBANK6  00069A
?_seek_disk                         cstackBANK6  00068B
?_setup_drive                       cstackCOMRAM 000504
?_setup_monitor                     cstackBANK7  000716
?_sprintf                           cstackBANK5  0005AD
?_str_inf                           cstackBANK7  000700
?_strchr                            cstackCOMRAM 000504
?_strlen                            cstackCOMRAM 000504
?_strncmp                           cstackCOMRAM 000504
?_strstr                            cstackCOMRAM 00050B
?_u_getch                           cstackBANK7  000700
?_vfprintf                          cstackBANK5  0005A5
?_write_sector                      cstackBANK6  00069A
IVTBASEH                            (abs)        00045E
IVTBASEL                            (abs)        00045D
IVTBASEU                            (abs)        00045F
SDCard_command@argument             cstackCOMRAM 00052B
SDCard_command@command              cstackCOMRAM 000533
SDCard_command@length               cstackCOMRAM 000531
SDCard_command@response_buffer      cstackCOMRAM 00052F
SDCard_command@responsep            cstackCOMRAM 000538
SDCard_command@result               cstackCOMRAM 000536
SDCard_command@spi                  cstackCOMRAM 000534
SDCard_crc@buf                      cstackCOMRAM 000504
SDCard_crc@count                    cstackCOMRAM 000506
SDCard_crc@crc                      cstackCOMRAM 00050C
SDCard_crc@endp                     cstackCOMRAM 000508
SDCard_crc@i                        cstackCOMRAM 00050A
SDCard_crc@p                        cstackCOMRAM 00050D
SDCard_end_transaction@spi          cstackCOMRAM 000515
SDCard_init@buf                     cstackBANK5  0005D0
SDCard_init@clock_speed             cstackBANK5  0005C7
SDCard_init@i                       cstackBANK5  0005CC
SDCard_init@initial_clock_speed     cstackBANK5  0005C5
SDCard_init@spi                     cstackBANK5  0005CE
SDCard_init@timeout                 cstackBANK5  0005C9
SDCard_read512@addr                 cstackBANK5  0005DE
SDCard_read512@buf                  cstackBANK5  0005E4
SDCard_read512@count                cstackBANK5  0005E6
SDCard_read512@crc                  cstackBANK5  0005F8
SDCard_read512@i                    cstackBANK5  0005EC
SDCard_read512@i_684                cstackBANK5  0005EE
SDCard_read512@offs                 cstackBANK5  0005E2
SDCard_read512@resp_crc             cstackBANK5  0005F2
SDCard_read512@response             cstackBANK5  0005FA
SDCard_read512@result               cstackBANK5  0005F4
SDCard_read512@retry                cstackBANK5  0005F0
SDCard_read512@spi                  cstackBANK5  0005F6
SDCard_write512@addr                cstackBANK5  0005DE
SDCard_write512@buf                 cstackBANK5  0005E4
SDCard_write512@count               cstackBANK5  0005E6
SDCard_write512@crc                 cstackBANK5  0005F4
SDCard_write512@i                   cstackBANK5  0005EC
SDCard_write512@i_701               cstackBANK5  0005EE
SDCard_write512@offs                cstackBANK5  0005E2
SDCard_write512@response            cstackBANK5  0005F8
SDCard_write512@result              cstackBANK5  0005F2
SDCard_write512@retry               cstackBANK5  0005F0
SDCard_write512@spi                 cstackBANK5  0005F6
SPI_SD_begin@ctx                    cstackCOMRAM 000506
SPI_SD_begin@ctx_                   cstackCOMRAM 000504
SPI_SD_begin_transaction@ctx_       cstackCOMRAM 000508
SPI_SD_configure@bit_order          cstackBANK5  0005C1
SPI_SD_configure@clock_speed        cstackBANK5  0005BF
SPI_SD_configure@ctx_               cstackBANK5  0005BD
SPI_SD_configure@data_mode          cstackBANK5  0005C2
SPI_SD_dummy_clocks@clocks          cstackCOMRAM 000510
SPI_SD_dummy_clocks@ctx_            cstackCOMRAM 00050E
SPI_SD_dummy_clocks@dummy           cstackCOMRAM 000514
SPI_SD_dummy_clocks@i               cstackCOMRAM 000512
SPI_SD_end_transaction@ctx_         cstackCOMRAM 000508
SPI_SD_receive@buf                  cstackCOMRAM 000506
SPI_SD_receive@count                cstackCOMRAM 000508
SPI_SD_receive@ctx_                 cstackCOMRAM 000504
SPI_SD_receive@i                    cstackCOMRAM 00050D
SPI_SD_receive@i_600                cstackCOMRAM 00050F
SPI_SD_receive@p                    cstackCOMRAM 000510
SPI_SD_receive@repeat               cstackCOMRAM 00050C
SPI_SD_receive_byte@ctx_            cstackCOMRAM 000512
SPI_SD_receive_byte@dummy           cstackCOMRAM 000514
SPI_SD_select@ctx_                  cstackCOMRAM 000504
SPI_SD_select@select                cstackCOMRAM 000506
SPI_SD_send@buf                     cstackCOMRAM 000506
SPI_SD_send@count                   cstackCOMRAM 000508
SPI_SD_send@ctx_                    cstackCOMRAM 000504
SPI_SD_send@i                       cstackCOMRAM 00050A
SPI_SD_send@p                       cstackCOMRAM 00050C
URT3Rx_ISR@rx_data                  cstackCOMRAM 000503
_ANSELA                             (abs)        000400
_ANSELB                             (abs)        000408
_ANSELC                             (abs)        000410
_ANSELD                             (abs)        000418
_ANSELE0                            (abs)        002100
_ANSELE1                            (abs)        002101
_ANSELE2                            (abs)        002102
_CLC8OUT                            (abs)        0006A7
_CLCSELECT                          (abs)        0000D5
_CLCnCON                            (abs)        0000D6
_CLCnGLS0                           (abs)        0000DC
_CLCnGLS1                           (abs)        0000DD
_CLCnGLS2                           (abs)        0000DE
_CLCnGLS3                           (abs)        0000DF
_CLCnPOL                            (abs)        0000D7
_CLCnSEL0                           (abs)        0000D8
_CLCnSEL1                           (abs)        0000D9
_CLCnSEL2                           (abs)        0000DA
_CLCnSEL3                           (abs)        0000DB
_CurrVol                            bssBANK7     0007C7
_DbcTbl                             mediumconst  00F201
_Default_ISR                        text171      000288
_FatFs                              bssBANK7     0007B7
_Fsid                               bssBANK7     0007B5
_G2POL                              (abs)        0006B9
_G3POL                              (abs)        0006BA
_GIE                                (abs)        0026B7
_IVTBASE                            (abs)        00045D
_IVTLOCK                            (abs)        000459
_IVTLOCKbits                        (abs)        000459
_LATA0                              (abs)        0025F0
_LATA1                              (abs)        0025F1
_LATA2                              (abs)        0025F2
_LATA3                              (abs)        0025F3
_LATA4                              (abs)        0025F4
_LATA6                              (abs)        0025F6
_LATB                               (abs)        0004BF
_LATC                               (abs)        0004C0
_LATD                               (abs)        0004C1
_LATE0                              (abs)        002610
_LATE1                              (abs)        002611
_LATE2                              (abs)        002612
_MFOEN                              (abs)        00059D
_NCO1CLK                            (abs)        000447
_NCO1EN                             (abs)        002237
_NCO1INC                            (abs)        000443
_NCO1OUT                            (abs)        002235
_NCO1PFM                            (abs)        002230
_OSCFRQ                             (abs)        0000B1
_PORTB                              (abs)        0004CF
_RA0PPS                             (abs)        000201
_RA2PPS                             (abs)        000203
_RA3PPS                             (abs)        000204
_RA5                                (abs)        002675
_RA6PPS                             (abs)        000207
_RB0PPS                             (abs)        000209
_RB1PPS                             (abs)        00020A
_SDCard_command                     text21       01F2F4
_SDCard_crc                         text156      01F1F2
_SDCard_end_transaction             text157      01FF62
_SDCard_init                        text18       019380
_SDCard_read512                     text120      018E56
_SDCard_write512                    text118      0182E6
_SLRCONBbits                        (abs)        00040B
_SPI1BAUD                           (abs)        000089
_SPI1CLK                            (abs)        00008C
_SPI1CON0                           (abs)        000084
_SPI1CON0bits                       (abs)        000084
_SPI1CON1                           (abs)        000085
_SPI1CON1bits                       (abs)        000085
_SPI1CON2bits                       (abs)        000086
_SPI1INTE                           (abs)        00008B
_SPI1RXB                            (abs)        000080
_SPI1RXIF                           (abs)        002588
_SPI1SCKPPS                         (abs)        00026A
_SPI1SDIPPS                         (abs)        00026B
_SPI1TCNTH                          (abs)        000083
_SPI1TCNTL                          (abs)        000082
_SPI1TWIDTH                         (abs)        000088
_SPI1TXB                            (abs)        000081
_SPI_SD_begin                       text20       01FF34
_SPI_SD_begin_transaction           text155      000128
_SPI_SD_configure                   text19       01CAB6
_SPI_SD_ctx                         dataBANK7    0007FE
_SPI_SD_dummy_clocks                text160      01F758
_SPI_SD_end_transaction             text158      00014A
_SPI_SD_receive                     text154      017FBE
_SPI_SD_receive_byte                text153      000106
_SPI_SD_select                      text159      0001EE
_SPI_SD_send                        text163      01EEAC
_T0CON0                             (abs)        00031A
_T0CON1                             (abs)        00031B
_TIMER0_ISR                         text172      000278
_TMR0H                              (abs)        000319
_TMR0IE                             (abs)        00250F
_TMR0IF                             (abs)        00258F
_TMR0L                              (abs)        000318
_TRISA0                             (abs)        002630
_TRISA1                             (abs)        002631
_TRISA2                             (abs)        002632
_TRISA3                             (abs)        002633
_TRISA4                             (abs)        002634
_TRISA5                             (abs)        002635
_TRISA6                             (abs)        002636
_TRISA7                             (abs)        002637
_TRISB                              (abs)        0004C7
_TRISB0                             (abs)        002638
_TRISB1                             (abs)        002639
_TRISB2                             (abs)        00263A
_TRISC                              (abs)        0004C8
_TRISD                              (abs)        0004C9
_TRISE0                             (abs)        002650
_TRISE1                             (abs)        002651
_TRISE2                             (abs)        002652
_U3BRG                              (abs)        0002D4
_U3ON                               (abs)        001697
_U3RXB                              (abs)        0002C7
_U3RXEN                             (abs)        00168C
_U3RXIE                             (abs)        002538
_U3RXPPS                            (abs)        000276
_U3TXB                              (abs)        0002C9
_U3TXEN                             (abs)        00168D
_U3TXIF                             (abs)        0025B9
_URT3Rx_ISR                         text173      01F4D8
_WPUA0                              (abs)        002008
_WPUA1                              (abs)        002009
_WPUA2                              (abs)        00200A
_WPUA3                              (abs)        00200B
_WPUA4                              (abs)        00200C
_WPUA5                              (abs)        00200D
_WPUB                               (abs)        000409
_WPUC                               (abs)        000411
_WPUD                               (abs)        000419
_WPUE0                              (abs)        002108
_WPUE1                              (abs)        002109
_WPUE2                              (abs)        00210A
__HRAM                              (abs)        000000
__H__absolute__                     __absolute__ 000000
__Habs1                             abs1         000000
__Hbank10                           bank10       000000
__Hbank11                           bank11       000000
__Hbank12                           bank12       000000
__Hbank13                           bank13       000000
__Hbank14                           bank14       000000
__Hbank15                           bank15       000000
__Hbank16                           bank16       000000
__Hbank17                           bank17       000000
__Hbank18                           bank18       000000
__Hbank19                           bank19       000000
__Hbank20                           bank20       000000
__Hbank21                           bank21       000000
__Hbank22                           bank22       000000
__Hbank23                           bank23       000000
__Hbank24                           bank24       000000
__Hbank25                           bank25       000000
__Hbank26                           bank26       000000
__Hbank27                           bank27       000000
__Hbank28                           bank28       000000
__Hbank29                           bank29       000000
__Hbank30                           bank30       000000
__Hbank31                           bank31       000000
__Hbank32                           bank32       000000
__Hbank33                           bank33       000000
__Hbank34                           bank34       000000
__Hbank35                           bank35       000000
__Hbank36                           bank36       000000
__Hbank5                            bank5        000000
__Hbank6                            bank6        000000
__Hbank7                            bank7        000000
__Hbank8                            bank8        000000
__Hbank9                            bank9        000000
__Hbigbss                           bigbss       000000
__Hbigdata                          bigdata      000000
__Hbigram                           bigram       000000
__Hbigsfr                           bigsfr       000000
__Hbss                              bss          000000
__HbssBANK10                        bssBANK10    000000
__HbssBANK11                        bssBANK11    000000
__HbssBANK7                         bssBANK7     000000
__HbssBANK8                         bssBANK8     000000
__HbssBANK9                         bssBANK9     000000
__HbssBIGRAM                        bssBIGRAM    000000
__HbssCOMRAM                        bssCOMRAM    000000
__Hcinit                            cinit        000000
__Hclrtext                          clrtext      000000
__Hcomram                           comram       000000
__Hconfig                           config       30000A
__Hconst                            const        000000
__HcstackBANK5                      cstackBANK5  000000
__HcstackBANK6                      cstackBANK6  000000
__HcstackBANK7                      cstackBANK7  000000
__HcstackCOMRAM                     cstackCOMRAM 000000
__Hdata                             data         000000
__HdataBANK7                        dataBANK7    000000
__HdataBANK8                        dataBANK8    000000
__HdataBANK9                        dataBANK9    000000
__Heeprom_data                      eeprom_data  000000
__Hfarbss                           farbss       000000
__Hfardata                          fardata      000000
__Hheap                             heap         000000
__Hibigdata                         ibigdata     000000
__Hidata                            idata        000000
__HidataBANK7                       idataBANK7   000000
__HidataBANK8                       idataBANK8   000000
__HidataBANK9                       idataBANK9   000000
__Hidloc                            idloc        000000
__Hifardata                         ifardata     000000
__Hinit                             init         000106
__Hintsave_regs                     intsave_regs 000000
__Hirdata                           irdata       000000
__Hivt0x8                           ivt0x8       000102
__Hmediumconst                      mediumconst  010000
__HnvFARRAM                         nvFARRAM     000000
__Hnvbit                            nvbit        000000
__Hnvrram                           nvrram       000000
__Hparam                            rparam       000000
__Hpowerup                          powerup      000000
__Hram                              ram          000000
__Hramtop                           ramtop       002600
__Hrbit                             rbit         000000
__Hrbss                             rbss         000000
__Hrdata                            rdata        000000
__Hreset_vec                        reset_vec    000004
__Hrparam                           rparam       000000
__Hsfr                              sfr          000000
__Hsmallconst                       smallconst   000000
__Hspace_0                          (abs)        01FFFE
__Hspace_1                          (abs)        0015F8
__Hspace_2                          (abs)        000000
__Hspace_4                          (abs)        60000A
__Hstack                            stack        000000
__Hstruct                           struct       000000
__Htemp                             temp         000000
__Htext                             text         000000
__Htext0                            text0        000000
__Htext1                            text1        000000
__Htext10                           text10       000000
__Htext100                          text100      000000
__Htext101                          text101      000000
__Htext102                          text102      000000
__Htext103                          text103      000000
__Htext104                          text104      000000
__Htext105                          text105      000000
__Htext106                          text106      000000
__Htext107                          text107      000000
__Htext108                          text108      000000
__Htext109                          text109      000000
__Htext11                           text11       000000
__Htext110                          text110      000000
__Htext111                          text111      000000
__Htext112                          text112      000000
__Htext113                          text113      000000
__Htext114                          text114      000000
__Htext115                          text115      000000
__Htext116                          text116      000000
__Htext117                          text117      000000
__Htext118                          text118      000000
__Htext119                          text119      000000
__Htext12                           text12       000000
__Htext120                          text120      000000
__Htext121                          text121      000000
__Htext122                          text122      000000
__Htext123                          text123      000000
__Htext124                          text124      000000
__Htext125                          text125      000000
__Htext126                          text126      000000
__Htext127                          text127      000000
__Htext128                          text128      000000
__Htext129                          text129      000000
__Htext13                           text13       000000
__Htext130                          text130      000000
__Htext131                          text131      000000
__Htext132                          text132      000000
__Htext133                          text133      000000
__Htext134                          text134      000000
__Htext135                          text135      000000
__Htext136                          text136      000000
__Htext137                          text137      000000
__Htext138                          text138      000000
__Htext139                          text139      000000
__Htext14                           text14       000000
__Htext140                          text140      000000
__Htext141                          text141      000000
__Htext142                          text142      000000
__Htext143                          text143      000000
__Htext144                          text144      000000
__Htext145                          text145      000000
__Htext146                          text146      000000
__Htext147                          text147      000000
__Htext148                          text148      000000
__Htext149                          text149      000000
__Htext15                           text15       000000
__Htext150                          text150      000000
__Htext151                          text151      000000
__Htext152                          text152      000000
__Htext153                          text153      000000
__Htext154                          text154      000000
__Htext155                          text155      000000
__Htext156                          text156      000000
__Htext157                          text157      000000
__Htext158                          text158      000000
__Htext159                          text159      000000
__Htext16                           text16       000000
__Htext160                          text160      000000
__Htext161                          text161      000000
__Htext162                          text162      000000
__Htext163                          text163      000000
__Htext164                          text164      000000
__Htext165                          text165      000000
__Htext166                          text166      000000
__Htext167                          text167      000000
__Htext168                          text168      000000
__Htext169                          text169      000000
__Htext17                           text17       000000
__Htext170                          text170      000000
__Htext171                          text171      000000
__Htext172                          text172      000000
__Htext173                          text173      000000
__Htext18                           text18       000000
__Htext19                           text19       000000
__Htext2                            text2        000000
__Htext20                           text20       000000
__Htext21                           text21       000000
__Htext22                           text22       000000
__Htext23                           text23       000000
__Htext24                           text24       000000
__Htext25                           text25       000000
__Htext26                           text26       000000
__Htext27                           text27       000000
__Htext28                           text28       000000
__Htext29                           text29       000000
__Htext3                            text3        000000
__Htext30                           text30       000000
__Htext31                           text31       000000
__Htext32                           text32       000000
__Htext33                           text33       000000
__Htext34                           text34       000000
__Htext35                           text35       000000
__Htext36                           text36       000000
__Htext37                           text37       000000
__Htext38                           text38       000000
__Htext39                           text39       000000
__Htext4                            text4        000000
__Htext40                           text40       000000
__Htext41                           text41       000000
__Htext42                           text42       000000
__Htext43                           text43       000000
__Htext44                           text44       000000
__Htext45                           text45       000000
__Htext46                           text46       000000
__Htext47                           text47       000000
__Htext48                           text48       000000
__Htext49                           text49       000000
__Htext5                            text5        000000
__Htext50                           text50       000000
__Htext51                           text51       000000
__Htext52                           text52       000000
__Htext53                           text53       000000
__Htext54                           text54       000000
__Htext55                           text55       000000
__Htext56                           text56       000000
__Htext57                           text57       000000
__Htext58                           text58       000000
__Htext59                           text59       000000
__Htext6                            text6        000000
__Htext60                           text60       000000
__Htext61                           text61       000000
__Htext62                           text62       000000
__Htext63                           text63       000000
__Htext64                           text64       000000
__Htext65                           text65       000000
__Htext66                           text66       000000
__Htext67                           text67       000000
__Htext68                           text68       000000
__Htext69                           text69       000000
__Htext7                            text7        000000
__Htext70                           text70       000000
__Htext71                           text71       000000
__Htext72                           text72       000000
__Htext73                           text73       000000
__Htext74                           text74       000000
__Htext75                           text75       000000
__Htext76                           text76       000000
__Htext77                           text77       000000
__Htext78                           text78       000000
__Htext79                           text79       000000
__Htext8                            text8        000000
__Htext80                           text80       000000
__Htext81                           text81       000000
__Htext82                           text82       000000
__Htext83                           text83       000000
__Htext84                           text84       000000
__Htext85                           text85       000000
__Htext86                           text86       000000
__Htext87                           text87       000000
__Htext88                           text88       000000
__Htext89                           text89       000000
__Htext9                            text9        000000
__Htext90                           text90       000000
__Htext91                           text91       000000
__Htext92                           text92       000000
__Htext93                           text93       000000
__Htext94                           text94       000000
__Htext95                           text95       000000
__Htext96                           text96       000000
__Htext97                           text97       000000
__Htext98                           text98       000000
__Htext99                           text99       000000
__LRAM                              (abs)        000001
__L__absolute__                     __absolute__ 000000
__Labs1                             abs1         000000
__Lbank10                           bank10       000000
__Lbank11                           bank11       000000
__Lbank12                           bank12       000000
__Lbank13                           bank13       000000
__Lbank14                           bank14       000000
__Lbank15                           bank15       000000
__Lbank16                           bank16       000000
__Lbank17                           bank17       000000
__Lbank18                           bank18       000000
__Lbank19                           bank19       000000
__Lbank20                           bank20       000000
__Lbank21                           bank21       000000
__Lbank22                           bank22       000000
__Lbank23                           bank23       000000
__Lbank24                           bank24       000000
__Lbank25                           bank25       000000
__Lbank26                           bank26       000000
__Lbank27                           bank27       000000
__Lbank28                           bank28       000000
__Lbank29                           bank29       000000
__Lbank30                           bank30       000000
__Lbank31                           bank31       000000
__Lbank32                           bank32       000000
__Lbank33                           bank33       000000
__Lbank34                           bank34       000000
__Lbank35                           bank35       000000
__Lbank36                           bank36       000000
__Lbank5                            bank5        000000
__Lbank6                            bank6        000000
__Lbank7                            bank7        000000
__Lbank8                            bank8        000000
__Lbank9                            bank9        000000
__Lbigbss                           bigbss       000000
__Lbigdata                          bigdata      000000
__Lbigram                           bigram       000000
__Lbigsfr                           bigsfr       000000
__Lbss                              bss          000000
__LbssBANK10                        bssBANK10    000000
__LbssBANK11                        bssBANK11    000000
__LbssBANK7                         bssBANK7     000000
__LbssBANK8                         bssBANK8     000000
__LbssBANK9                         bssBANK9     000000
__LbssBIGRAM                        bssBIGRAM    000000
__LbssCOMRAM                        bssCOMRAM    000000
__Lcinit                            cinit        000000
__Lclrtext                          clrtext      000000
__Lcomram                           comram       000000
__Lconfig                           config       000000
__Lconst                            const        000000
__LcstackBANK5                      cstackBANK5  000000
__LcstackBANK6                      cstackBANK6  000000
__LcstackBANK7                      cstackBANK7  000000
__LcstackCOMRAM                     cstackCOMRAM 000000
__Ldata                             data         000000
__LdataBANK7                        dataBANK7    000000
__LdataBANK8                        dataBANK8    000000
__LdataBANK9                        dataBANK9    000000
__Leeprom_data                      eeprom_data  000000
__Lfarbss                           farbss       000000
__Lfardata                          fardata      000000
__Lheap                             heap         000000
__Libigdata                         ibigdata     000000
__Lidata                            idata        000000
__LidataBANK7                       idataBANK7   000000
__LidataBANK8                       idataBANK8   000000
__LidataBANK9                       idataBANK9   000000
__Lidloc                            idloc        000000
__Lifardata                         ifardata     000000
__Linit                             init         000102
__Lintsave_regs                     intsave_regs 000000
__Lirdata                           irdata       000000
__Livt0x8                           ivt0x8       000008
__Lmediumconst                      mediumconst  00F1E8
__LnvFARRAM                         nvFARRAM     000000
__Lnvbit                            nvbit        000000
__Lnvrram                           nvrram       000000
__Lparam                            rparam       000000
__Lpowerup                          powerup      000000
__Lram                              ram          000000
__Lramtop                           ramtop       002600
[...]
st_dword@val                        cstackCOMRAM 000506
st_word@ptr                         cstackCOMRAM 000504
st_word@val                         cstackCOMRAM 000506
stackhi                             (abs)        000000
stacklo                             (abs)        000000
start                               init         000102
start_initialization                cinit        01E1C0
stoa@cp                             cstackCOMRAM 000518
stoa@fp                             cstackCOMRAM 00050E
stoa@l                              cstackCOMRAM 00051A
stoa@p                              cstackCOMRAM 000514
stoa@s                              cstackCOMRAM 000510
stoa@w                              cstackCOMRAM 000516
str_inf@a                           cstackBANK7  000707
str_inf@buf                         cstackBANK7  000700
str_inf@c                           cstackBANK7  000705
str_inf@cnt                         cstackBANK7  000702
str_inf@i                           cstackBANK7  000708
strchr@c                            cstackCOMRAM 000506
strchr@s                            cstackCOMRAM 000504
strcpy@d                            cstackCOMRAM 000508
strcpy@dest                         cstackCOMRAM 000504
strcpy@src                          cstackCOMRAM 000506
strlen@a                            cstackCOMRAM 000506
strlen@s                            cstackCOMRAM 000504
strncmp@l                           cstackCOMRAM 000504
strncmp@n                           cstackCOMRAM 000508
strncmp@r                           cstackCOMRAM 000506
strstr@h                            cstackCOMRAM 00050B
strstr@n                            cstackCOMRAM 00050D
strstr@nl                           cstackCOMRAM 00050F
sync_fs@fs                          cstackBANK6  00061A
sync_fs@res                         cstackBANK5  0005FD
sync_window@fs                      cstackBANK6  000608
sync_window@res                     cstackBANK5  0005FC
u_getch@c                           cstackBANK5  0005FF
unimon_console@buf                  cstackBANK7  00070C
unimon_console@cnt                  cstackBANK7  00070E
util_addrdump@addr                  cstackBANK5  0005C3
util_addrdump@addr_offs             cstackBANK5  0005BF
util_addrdump@buf                   cstackBANK5  0005DA
util_addrdump@chars                 cstackBANK5  0005C9
util_addrdump@header                cstackBANK5  0005BD
util_addrdump@i                     cstackBANK5  0005DC
util_addrdump@size                  cstackBANK5  0005C5
util_hexdump@addr                   cstackBANK5  0005BF
util_hexdump@buf                    cstackBANK5  0005D6
util_hexdump@chars                  cstackBANK5  0005C5
util_hexdump@header                 cstackBANK5  0005BD
util_hexdump@i                      cstackBANK5  0005D8
util_hexdump@size                   cstackBANK5  0005C1
util_hexdump_sum@addr               cstackBANK5  0005DC
util_hexdump_sum@header             cstackBANK5  0005DA
util_hexdump_sum@i                  cstackBANK5  0005E2
util_hexdump_sum@p                  cstackBANK5  0005E0
util_hexdump_sum@size               cstackBANK5  0005DE
util_hexdump_sum@sum                cstackBANK5  0005E4
validate@obj                        cstackBANK5  0005BE
validate@res                        cstackBANK5  0005C8
validate@rfs                        cstackBANK5  0005C0
vfpfcnvrt@ap                        cstackBANK5  000597
vfpfcnvrt@c                         cstackBANK5  0005A2
vfpfcnvrt@convarg                   cstackBANK5  00059E
vfpfcnvrt@cp                        cstackBANK5  0005A3
vfpfcnvrt@done                      cstackBANK5  00059D
vfpfcnvrt@fmt                       cstackBANK5  000595
vfpfcnvrt@fp                        cstackBANK5  000593
vfprintf@ap                         cstackBANK5  0005A9
vfprintf@cfmt                       cstackBANK5  0005AB
vfprintf@fmt                        cstackBANK5  0005A7
vfprintf@fp                         cstackBANK5  0005A5
write_sector@filep                  cstackBANK6  00069F
write_sector@fres                   cstackBANK6  0006A1
write_sector@n                      cstackBANK6  0006A2
write_sram@ab                       cstackCOMRAM 000510
write_sram@addr                     cstackCOMRAM 000504
write_sram@buf                      cstackCOMRAM 000508
write_sram@i                        cstackCOMRAM 00050E
write_sram@len                      cstackCOMRAM 00050A
wstart_prog@rs                      cstackBANK7  000716
xtoa@a                              cstackCOMRAM 000529
xtoa@c                              cstackCOMRAM 000530
xtoa@d                              cstackCOMRAM 000520
xtoa@fp                             cstackCOMRAM 00051E
xtoa@i                              cstackCOMRAM 000531
xtoa@p                              cstackCOMRAM 00052C
xtoa@w                              cstackCOMRAM 00052E
xtoa@x                              cstackCOMRAM 000524


MODULE INFORMATION

Module		Function		Class		Link	Load	Size
C:\Program Files\Microchip\xc8\v2.50\pic\sources\c99\common\memcmp.c
		_memcmp        		CODE           	1D446	0000	254

C:\Program Files\Microchip\xc8\v2.50\pic\sources\c99\common\memcmp.c estimated size: 254

C:\Program Files\Microchip\xc8\v2.50\pic\sources\c99\common\memcpy.c
		_memcpy        		CODE           	1FA00	0000	80

C:\Program Files\Microchip\xc8\v2.50\pic\sources\c99\common\memcpy.c estimated size: 80

C:\Program Files\Microchip\xc8\v2.50\pic\sources\c99\common\strstr.c
		_strstr        		CODE           	1DD9E	0000	222

C:\Program Files\Microchip\xc8\v2.50\pic\sources\c99\common\strstr.c estimated size: 222

C:\Program Files\Microchip\xc8\v2.50\pic\sources\c99\common\flneg.c
		___flneg       		CODE           	1FE60	0000	56

C:\Program Files\Microchip\xc8\v2.50\pic\sources\c99\common\flneg.c estimated size: 56

../drivers/diskio.c
		_get_fattime   		CODE           	021C	0000	18
		_disk_initialize		CODE           	1B4A8	0000	420
		_disk_write    		CODE           	1E6FC	0000	174
		_disk_status   		CODE           	1FC84	0000	66
		_disk_ioctl    		CODE           	1F6F4	0000	100
		_disk_read     		CODE           	1E7AA	0000	174

../drivers/diskio.c estimated size: 952

../src/boards/../../drivers/SDCard.c
		_SDCard_crc    		CODE           	1F1F2	0000	130
		___SDCard_crc16		CODE           	1E354	0000	196
		_SDCard_init   		CODE           	19380	0000	646
		_SDCard_read512		CODE           	18E56	0000	674
		_SDCard_command		CODE           	1F2F4	0000	124
		_SDCard_write512		CODE           	182E6	0000	752
		_SDCard_end_transaction		CODE           	1FF62	0000	42
		___SDCard_wait_response		CODE           	1FBB8	0000	70
		___SDCard_command_r1		CODE           	1E646	0000	182

../src/boards/../../drivers/SDCard.c estimated size: 2816

../src/boards/w65_bd.c
		_clc_init      		CODE           	1C120	0000	372
		_board_event_loop		CODE           	1EBA0	0000	158
		_bus_hold_req  		CODE           	0258	0000	12
		_continue_action		CODE           	1FB2C	0000	70
		_start_W65     		CODE           	1FF04	0000	48
		_board_event_loop1		CODE           	1F3EA	0000	118
		_setup_sd      		CODE           	1EF40	0000	146
		_bus_release_req		CODE           	0264	0000	10

../src/boards/w65_bd.c estimated size: 934

C:\Program Files\Microchip\xc8\v2.50\pic\sources\c99\common\nf_fputs.c
		_fputs         		CODE           	1FBFE	0000	68

C:\Program Files\Microchip\xc8\v2.50\pic\sources\c99\common\nf_fputs.c estimated size: 68

C:\Program Files\Microchip\xc8\v2.50\pic\sources\c99\common\strncmp.c
		_strncmp       		CODE           	1CD06	0000	284

C:\Program Files\Microchip\xc8\v2.50\pic\sources\c99\common\strncmp.c estimated size: 284

../src/boards/../../drivers/pic18f57q43_spi.c
		_SPI_SD_send   		CODE           	1EEAC	0000	148
		_SPI_SD_begin  		CODE           	1FF34	0000	46
		_SPI_SD_select 		CODE           	01EE	0000	24
		_SPI_SD_configure		CODE           	1CAB6	0000	306
		_SPI_SD_receive_byte		CODE           	0106	0000	34
		_SPI_SD_receive		CODE           	17FBE	0000	808
		_SPI_SD_end_transaction		CODE           	014A	0000	34
		_SPI_SD_dummy_clocks		CODE           	1F758	0000	94
		_release_bus   		CODE           	1FCC6	0000	62
		_SPI_SD_begin_transaction		CODE           	0128	0000	34
		_acquire_bus   		CODE           	1F8BA	0000	84

../src/boards/../../drivers/pic18f57q43_spi.c estimated size: 1674

C:\Program Files\Microchip\xc8\v2.50\pic\sources\c99\common\sprcmul.c
		___flmul       		CODE           	165C8	0000	1062

C:\Program Files\Microchip\xc8\v2.50\pic\sources\c99\common\sprcmul.c estimated size: 1062

C:\Program Files\Microchip\xc8\v2.50\pic\sources\c99\common\printf.c
		_printf        		CODE           	1FFB4	0000	40

C:\Program Files\Microchip\xc8\v2.50\pic\sources\c99\common\printf.c estimated size: 40

C:\Program Files\Microchip\xc8\v2.50\pic\sources\c99\common\sprcdiv.c
		___fldiv       		CODE           	17554	0000	912

C:\Program Files\Microchip\xc8\v2.50\pic\sources\c99\common\sprcdiv.c estimated size: 912

../src/w65_main.c
		_wstart_prog   		CODE           	1EA54	0000	168
		_load_file     		CODE           	1ED78	0000	154
		_change_directory		CODE           	023E	0000	14
		_in_file       		CODE           	1BFA6	0000	378
		_restart_prog  		CODE           	1E9AC	0000	168
		_del_space     		CODE           	1EFD2	0000	140
		_load_config   		CODE           	16DDA	0000	966
		_main          		CODE           	171A0	0000	948
		_return_cpu    		CODE           	022E	0000	16
		_mon_prog      		CODE           	1D73C	0000	242
		_set_arg       		CODE           	1AE0A	0000	430
		_drive_cpu     		CODE           	1FD40	0000	60
		_print_com     		CODE           	1E4D4	0000	186
		_prt_reload    		CODE           	01D6	0000	24
		_setup_monitor 		CODE           	1E858	0000	170
		_disk_init     		CODE           	1F90E	0000	82
		_mem_dump      		CODE           	1F370	0000	122
		_scan_files    		CODE           	19874	0000	564
		_load_program  		CODE           	15D0C	0000	1170
		_scan_files1   		CODE           	19606	0000	622
		_print_reg     		CODE           	1AFB8	0000	424
		_flash_apl     		CODE           	1FC42	0000	66
		_get_line      		CODE           	1CE22	0000	268
		_boot_file     		CODE           	17C6E	0000	848
		_str_inf       		CODE           	1A8E0	0000	454
		_see_file      		CODE           	153D4	0000	1180

../src/w65_main.c estimated size: 9864

C:\Program Files\Microchip\xc8\v2.50\pic\sources\c99\common\floorf.c
		_floorf        		CODE           	1A104	0000	530

C:\Program Files\Microchip\xc8\v2.50\pic\sources\c99\common\floorf.c estimated size: 530

C:\Program Files\Microchip\xc8\v2.50\pic\sources\c99\common\Umul32.c
		___lmul        		CODE           	1F626	0000	106

C:\Program Files\Microchip\xc8\v2.50\pic\sources\c99\common\Umul32.c estimated size: 106

C:\Program Files\Microchip\xc8\v2.50\pic\sources\c99\common\abs.c
		_abs           		CODE           	1FED0	0000	52

C:\Program Files\Microchip\xc8\v2.50\pic\sources\c99\common\abs.c estimated size: 52

C:\Program Files\Microchip\xc8\v2.50\pic\sources\c99\common\almod.c
		___almod       		CODE           	1DA0C	0000	234

C:\Program Files\Microchip\xc8\v2.50\pic\sources\c99\common\almod.c estimated size: 234

C:\Program Files\Microchip\xc8\v2.50\pic\sources\c99\common\fleq.c
		___fleq        		CODE           	1E902	0000	170

C:\Program Files\Microchip\xc8\v2.50\pic\sources\c99\common\fleq.c estimated size: 170

../fatfs/ff.c
		_clst2sect     		CODE           	1E0F4	0000	204
		_find_volume   		CODE           	1A50E	0000	500
		_dir_clear     		CODE           	1C818	0000	336
		_ld_dword      		CODE           	1E58E	0000	184
		_f_chdir       		CODE           	1D82E	0000	242
		_remove_chain  		CODE           	19AA8	0000	562
		_f_getcwd      		CODE           	14F26	0000	1198
		_f_mount       		CODE           	1D642	0000	250
		_get_fat       		CODE           	169EE	0000	1004
		_st_word       		CODE           	1FF8C	0000	40
		_get_ldnumber  		CODE           	1B304	0000	420
		_st_clust      		CODE           	1FA50	0000	76
		_create_name   		CODE           	14594	0000	1244
		_create_chain  		CODE           	13AF8	0000	1456
		_dbc_1st       		CODE           	1ECDC	0000	156
		_f_lseek       		CODE           	11DB4	0000	2050
		_validate      		CODE           	1D346	0000	256
		_check_fs      		CODE           	185D6	0000	748
		_f_sync        		CODE           	19CDA	0000	534
		_get_fileinfo  		CODE           	1A316	0000	504
		_dir_read      		CODE           	1B160	0000	420
		_st_dword      		CODE           	1F5BA	0000	108
		_f_write       		CODE           	11538	0000	2172
		_dir_alloc     		CODE           	1C968	0000	334
		_f_opendir     		CODE           	1BE28	0000	382
		_put_fat       		CODE           	140A8	0000	1260
		_f_readdir     		CODE           	1DAF6	0000	230
		_sync_fs       		CODE           	19EF0	0000	532
		_dir_next      		CODE           	1619E	0000	1066
		_sync_window   		CODE           	1B64C	0000	418
		_dir_register  		CODE           	1DBDC	0000	226
		_ld_word       		CODE           	1FE98	0000	56
		_dir_find      		CODE           	1BCA4	0000	388
		_f_open        		CODE           	125B6	0000	1920
		_f_gets        		CODE           	1D920	0000	236
		_f_read        		CODE           	12D36	0000	1812
		_f_close       		CODE           	1F7B6	0000	88
		_dir_sdi       		CODE           	178E4	0000	906
		_follow_path   		CODE           	188C2	0000	736
		_f_closedir    		CODE           	1FDB8	0000	56
		_dbc_2nd       		CODE           	1DCBE	0000	224
		_ld_clust      		CODE           	1F274	0000	128
		_move_window   		CODE           	1DF56	0000	210
		_mount_volume  		CODE           	10000	0000	2776

../fatfs/ff.c estimated size: 28648

../drivers/utils.c
		_util_addrdump 		CODE           	1C294	0000	370
		_util_hexdump  		CODE           	1C406	0000	354
		_util_hexdump_sum		CODE           	1F170	0000	130
		_get_hex       		CODE           	1C6C6	0000	338

../drivers/utils.c estimated size: 1192

C:\Program Files\Microchip\xc8\v2.50\pic\sources\c99\common\__lldiv.c
		___lldiv       		CODE           	1EAFC	0000	164

C:\Program Files\Microchip\xc8\v2.50\pic\sources\c99\common\__lldiv.c estimated size: 164

C:\Program Files\Microchip\xc8\v2.50\pic\sources\c99\common\xxtofl.c
		___xxtofl      		CODE           	1AAA6	0000	436

C:\Program Files\Microchip\xc8\v2.50\pic\sources\c99\common\xxtofl.c estimated size: 436

../src/memtst.c
		_mem_init      		CODE           	190F8	0000	648

../src/memtst.c estimated size: 648

C:\Program Files\Microchip\xc8\v2.50\pic\sources\c99\common\__fpclassifyf.c
		___fpclassifyf 		CODE           	1D544	0000	254

C:\Program Files\Microchip\xc8\v2.50\pic\sources\c99\common\__fpclassifyf.c estimated size: 254

C:\Program Files\Microchip\xc8\v2.50\pic\sources\c99\common\strlen.c
		_strlen        		CODE           	1F960	0000	80

C:\Program Files\Microchip\xc8\v2.50\pic\sources\c99\common\strlen.c estimated size: 80

C:\Program Files\Microchip\xc8\v2.50\pic\sources\c99\common\__strtoxl.c
		___strtoxl     		CODE           	15870	0000	1180

C:\Program Files\Microchip\xc8\v2.50\pic\sources\c99\common\__strtoxl.c estimated size: 1180

C:\Program Files\Microchip\xc8\v2.50\pic\sources\c99\common\strchr.c
		_strchr        		CODE           	1F0EA	0000	134

C:\Program Files\Microchip\xc8\v2.50\pic\sources\c99\common\strchr.c estimated size: 134

C:\Program Files\Microchip\xc8\v2.50\pic\sources\c99\common\strcpy.c
		_strcpy        		CODE           	1FD7C	0000	60

C:\Program Files\Microchip\xc8\v2.50\pic\sources\c99\common\strcpy.c estimated size: 60

C:\Program Files\Microchip\xc8\v2.50\pic\sources\c99\common\sprcadd.c
		___flsub       		CODE           	1FB72	0000	70
		___fladd       		CODE           	14A70	0000	1206

C:\Program Files\Microchip\xc8\v2.50\pic\sources\c99\common\sprcadd.c estimated size: 1276

C:\Program Files\Microchip\xc8\v2.50\pic\sources\c99\common\nf_sprintf.c
		_sprintf       		CODE           	1F9B0	0000	80

C:\Program Files\Microchip\xc8\v2.50\pic\sources\c99\common\nf_sprintf.c estimated size: 80

C:\Program Files\Microchip\xc8\v2.50\pic\sources\c99\common\memset.c
		_memset        		CODE           	1FE28	0000	56

C:\Program Files\Microchip\xc8\v2.50\pic\sources\c99\common\memset.c estimated size: 56

C:\Program Files\Microchip\xc8\v2.50\pic\sources\c99\common\nf_fputc.c
		_fputc         		CODE           	1E28A	0000	202

C:\Program Files\Microchip\xc8\v2.50\pic\sources\c99\common\nf_fputc.c estimated size: 202

shared
		_mtod          		MEDIUMCONST    	F1E9	0000	24
		_debug_flags   		MEDIUMCONST    	0000	0000	0
		_rom           		MEDIUMCONST    	F20F	0000	16
		_DbcTbl        		MEDIUMCONST    	F201	0000	10
		__initialization		CODE           	1E1C0	0000	196
		_debug_flags@diskio$F4076		MEDIUMCONST    	0000	0000	0

shared estimated size: 246

C:\Program Files\Microchip\xc8\v2.50\pic\sources\c99\common\fltol.c
		___fltol       		CODE           	1D038	0000	262

C:\Program Files\Microchip\xc8\v2.50\pic\sources\c99\common\fltol.c estimated size: 262

../src/boards/w65_cmn.c
		_u_getch       		CODE           	1F54C	0000	110
		_wait_for_programmer		CODE           	1FAE6	0000	70
		_putch         		CODE           	0206	0000	22
		_setup_tomer0  		CODE           	01A4	0000	26
		_clk_init      		CODE           	016C	0000	30
		_uart_init     		CODE           	1FD04	0000	60
		_write_sram    		CODE           	1D13E	0000	260
		_URT3Rx_ISR    		CODE           	1F4D8	0000	116
		_make_irq      		CODE           	1FFDC	0000	34
		_start_cpu     		CODE           	1FDF0	0000	56
		_read_sram     		CODE           	1E418	0000	188
		_timer_on      		CODE           	0280	0000	4
		_timer_off     		CODE           	0284	0000	4
		_get_str       		CODE           	1EE12	0000	154
		_port_init     		CODE           	1F690	0000	100
		_getch         		CODE           	1FA9C	0000	74
		_TIMER0_ISR    		CODE           	0278	0000	8
		_Default_ISR   		CODE           	0288	0000	2
		_reset_clk     		CODE           	01BE	0000	24
		_reset_cpu     		CODE           	1DE7C	0000	218

../src/boards/w65_cmn.c estimated size: 1560

C:\Program Files\Microchip\xc8\v2.50\pic\sources\c99\common\doprnt.c
		_read_prec_or_width		CODE           	1E028	0000	204
		_vfpfcnvrt     		CODE           	1344A	0000	1710
		_efgtoa        		CODE           	10AD8	0000	2656
		_pad           		CODE           	1EC3E	0000	158
		_dtoa          		CODE           	1A702	0000	478
		_vfprintf      		CODE           	1F80E	0000	86
		_stoa          		CODE           	1B7EE	0000	414
		_xtoa          		CODE           	1BB1E	0000	390

C:\Program Files\Microchip\xc8\v2.50\pic\sources\c99\common\doprnt.c estimated size: 6096

C:\Program Files\Microchip\xc8\v2.50\pic\sources\c99\common\aldiv.c
		___aldiv       		CODE           	1CF2E	0000	266

C:\Program Files\Microchip\xc8\v2.50\pic\sources\c99\common\aldiv.c estimated size: 266

C:\Program Files\Microchip\xc8\v2.50\pic\sources\c99\common\labs.c
		_labs          		CODE           	1F864	0000	86

C:\Program Files\Microchip\xc8\v2.50\pic\sources\c99\common\labs.c estimated size: 86

../src/io_dos.c
		_seek_disk     		CODE           	1CBE8	0000	286
		_unimon_console		CODE           	1AC5A	0000	432
		_setup_drive   		CODE           	1F460	0000	118
		_dsk_err       		CODE           	026E	0000	8
		_write_sector  		CODE           	1B98C	0000	402
		_read_sector   		CODE           	1C568	0000	350
		_bus_master_operation		CODE           	18BA2	0000	692

../src/io_dos.c estimated size: 2288

C:\Program Files\Microchip\xc8\v2.50\pic\sources\c99\common\flge.c
		___flge        		CODE           	1D242	0000	260

C:\Program Files\Microchip\xc8\v2.50\pic\sources\c99\common\flge.c estimated size: 260

